// Jest Snapshot v1, https://goo.gl/fbAQLP

exports[`AboutComponent should match static snapshot 1`] = `
<div
  id="root1"
>
  <div
    class="container d-flex flex-column align-items-center mt-5 pt-2 user-select-none"
  >
    <h1
      class="text text-muted pe-none"
    >
      Safelock version 12.12.12
    </h1>
    <p
      class="text text-muted text-center mt-3 p-1 pe-none"
    >
       This is a free open-source project licensed 
      <br />
       under Mozilla Public License version 2.0. For any questions, future updates or bug reports please visit 
    </p>
    <a
      href="javascript:;"
    >
       indexedsolutions.biz/safelock 
    </a>
  </div>
</div>
`;
